#
# There is insufficient memory for the Java Runtime Environment to continue.
# Native memory allocation (malloc) failed to allocate 394960 bytes. Error detail: Chunk::new
# Possible reasons:
#   The system is out of physical RAM or swap space
#   This process is running with CompressedOops enabled, and the Java Heap may be blocking the growth of the native heap
# Possible solutions:
#   Reduce memory load on the system
#   Increase physical memory or swap space
#   Check if swap backing store is full
#   Decrease Java heap size (-Xmx/-Xms)
#   Decrease number of Java threads
#   Decrease Java thread stack sizes (-Xss)
#   Set larger code cache with -XX:ReservedCodeCacheSize=
#   JVM is running with Unscaled Compressed Oops mode in which the Java heap is
#     placed in the first 4GB address space. The Java Heap base address is the
#     maximum limit for the native heap growth. Please use -XX:HeapBaseMinAddress
#     to set the Java Heap base and to place the Java Heap above 4GB virtual address.
# This output file may be truncated or incomplete.
#
#  Out of Memory Error (arena.cpp:168), pid=3308, tid=15868
#
# JRE version: OpenJDK Runtime Environment Microsoft-13106404 (21.0.10+7) (build 21.0.10+7-LTS)
# Java VM: OpenJDK 64-Bit Server VM Microsoft-13106404 (21.0.10+7-LTS, mixed mode, sharing, tiered, compressed oops, compressed class ptrs, g1 gc, windows-amd64)
# No core dump will be written. Minidumps are not enabled by default on client versions of Windows
#

---------------  S U M M A R Y ------------

Command Line: -Dfile.encoding=UTF-8 --enable-native-access=ALL-UNNAMED -Dclassworlds.conf=C:\Program Files\JetBrains\IntelliJ IDEA 2025.3.2\plugins\maven\lib\maven3\bin\m2.conf -Dmaven.home=C:\Program Files\JetBrains\IntelliJ IDEA 2025.3.2\plugins\maven\lib\maven3 -Dlibrary.jansi.path=C:\Program Files\JetBrains\IntelliJ IDEA 2025.3.2\plugins\maven\lib\maven3\lib\jansi-native -Dmaven.multiModuleProjectDirectory=C:\Users\User\Documents\NetBeansProjects org.codehaus.plexus.classworlds.launcher.Launcher -Didea.version=2025.3.3 -Dmaven.ext.class.path=C:\Program Files\JetBrains\IntelliJ IDEA 2025.3.2\plugins\maven\lib\maven-event-listener.jar -Djansi.passthrough=true -Dstyle.color=always -Dmaven.repo.local=C:\Users\User\.m2\repository org.openjfx:javafx-maven-plugin:0.0.8:run -f pom.xml

Host: Intel(R) Core(TM) i5-7300U CPU @ 2.60GHz, 4 cores, 7G,  Windows 10 , 64 bit Build 19041 (10.0.19041.5915)
Time: Sun Apr 12 16:37:39 2026 Coordinated Universal Time elapsed time: 1.243271 seconds (0d 0h 0m 1s)

---------------  T H R E A D  ---------------

Current thread (0x000001fa7c5f62d0):  JavaThread "C2 CompilerThread0" daemon [_thread_in_native, id=15868, stack(0x0000004379b00000,0x0000004379c00000) (1024K)]


Current CompileTask:
C2:1243 1152       4       org.codehaus.plexus.util.InterpolationFilterReader::read (477 bytes)

Stack: [0x0000004379b00000,0x0000004379c00000]
Native frames: (J=compiled Java code, j=interpreted, Vv=VM code, C=native code)
V  [jvm.dll+0x6dfe69]  (no source info available)
V  [jvm.dll+0x8bfe4b]  (no source info available)
V  [jvm.dll+0x8c23da]  (no source info available)
V  [jvm.dll+0x8c2ab3]  (no source info available)
V  [jvm.dll+0x28a9e6]  (no source info available)
V  [jvm.dll+0xc903d]  (no source info available)
V  [jvm.dll+0xc958c]  (no source info available)
V  [jvm.dll+0x3c840c]  (no source info available)
V  [jvm.dll+0x1ea7cd]  (no source info available)
V  [jvm.dll+0x2527c3]  (no source info available)
V  [jvm.dll+0x251c93]  (no source info available)
V  [jvm.dll+0x1d1adf]  (no source info available)
V  [jvm.dll+0x26195a]  (no source info available)
V  [jvm.dll+0x25fcc5]  (no source info available)
V  [jvm.dll+0x402155]  (no source info available)
V  [jvm.dll+0x86ab8d]  (no source info available)
V  [jvm.dll+0x6e141d]  (no source info available)
C  [ucrtbase.dll+0x21bb2]  (no source info available)
C  [KERNEL32.DLL+0x17374]  (no source info available)
C  [ntdll.dll+0x4cc91]  (no source info available)


---------------  P R O C E S S  ---------------

Threads class SMR info:
_java_thread_list=0x000001fa7c76d390, length=12, elements={
0x000001fa6f262f70, 0x000001fa7c5e06a0, 0x000001fa7c5e1300, 0x000001fa7c5e3e70,
0x000001fa7c5e4b50, 0x000001fa7c5e55b0, 0x000001fa7c5ea030, 0x000001fa7c5f62d0,
0x000001fa7c5f8d80, 0x000001fa7c731990, 0x000001fa7c7347a0, 0x000001fa7c8578b0
}

Java Threads: ( => current thread )
  0x000001fa6f262f70 JavaThread "main"                              [_thread_in_vm, id=18736, stack(0x0000004378d00000,0x0000004378e00000) (1024K)]
  0x000001fa7c5e06a0 JavaThread "Reference Handler"          daemon [_thread_blocked, id=3400, stack(0x0000004379500000,0x0000004379600000) (1024K)]
  0x000001fa7c5e1300 JavaThread "Finalizer"                  daemon [_thread_blocked, id=1532, stack(0x0000004379600000,0x0000004379700000) (1024K)]
  0x000001fa7c5e3e70 JavaThread "Signal Dispatcher"          daemon [_thread_blocked, id=1652, stack(0x0000004379700000,0x0000004379800000) (1024K)]
  0x000001fa7c5e4b50 JavaThread "Attach Listener"            daemon [_thread_blocked, id=18176, stack(0x0000004379800000,0x0000004379900000) (1024K)]
  0x000001fa7c5e55b0 JavaThread "Service Thread"             daemon [_thread_blocked, id=13128, stack(0x0000004379900000,0x0000004379a00000) (1024K)]
  0x000001fa7c5ea030 JavaThread "Monitor Deflation Thread"   daemon [_thread_blocked, id=15676, stack(0x0000004379a00000,0x0000004379b00000) (1024K)]
=>0x000001fa7c5f62d0 JavaThread "C2 CompilerThread0"         daemon [_thread_in_native, id=15868, stack(0x0000004379b00000,0x0000004379c00000) (1024K)]
  0x000001fa7c5f8d80 JavaThread "C1 CompilerThread0"         daemon [_thread_blocked, id=14776, stack(0x0000004379c00000,0x0000004379d00000) (1024K)]
  0x000001fa7c731990 JavaThread "Notification Thread"        daemon [_thread_blocked, id=8868, stack(0x0000004379d00000,0x0000004379e00000) (1024K)]
  0x000001fa7c7347a0 JavaThread "Common-Cleaner"             daemon [_thread_blocked, id=20336, stack(0x0000004379e00000,0x0000004379f00000) (1024K)]
  0x000001fa7c8578b0 JavaThread "C2 CompilerThread1"         daemon [_thread_in_native, id=17876, stack(0x0000004379f00000,0x000000437a000000) (1024K)]
Total: 12

Other Threads:
  0x000001fa7c5c7710 VMThread "VM Thread"                           [id=9768, stack(0x0000004379400000,0x0000004379500000) (1024K)]
  0x000001fa7c5b37e0 WatcherThread "VM Periodic Task Thread"        [id=5996, stack(0x0000004379300000,0x0000004379400000) (1024K)]
  0x000001fa6f2b8980 WorkerThread "GC Thread#0"                     [id=14104, stack(0x0000004378e00000,0x0000004378f00000) (1024K)]
  0x000001fa7cd66660 WorkerThread "GC Thread#1"                     [id=12324, stack(0x000000437a000000,0x000000437a100000) (1024K)]
  0x000001fa7cff07c0 WorkerThread "GC Thread#2"                     [id=14768, stack(0x000000437a100000,0x000000437a200000) (1024K)]
  0x000001fa7cdc1ce0 WorkerThread "GC Thread#3"                     [id=15156, stack(0x000000437a200000,0x000000437a300000) (1024K)]
  0x000001fa6f2c9670 ConcurrentGCThread "G1 Main Marker"            [id=12648, stack(0x0000004378f00000,0x0000004379000000) (1024K)]
  0x000001fa6f2ca830 WorkerThread "G1 Conc#0"                       [id=11396, stack(0x0000004379000000,0x0000004379100000) (1024K)]
  0x000001fa7c4760e0 ConcurrentGCThread "G1 Refine#0"               [id=18412, stack(0x0000004379100000,0x0000004379200000) (1024K)]
  0x000001fa7c476780 ConcurrentGCThread "G1 Service"                [id=1896, stack(0x0000004379200000,0x0000004379300000) (1024K)]
Total: 10

Threads with active compile tasks:
C2 CompilerThread0  1287 1152       4       org.codehaus.plexus.util.InterpolationFilterReader::read (477 bytes)
C2 CompilerThread1  1287 1153       4       java.io.Reader::read (21 bytes)
Total: 2

VM state: not at safepoint (normal execution)

VM Mutex/Monitor currently owned by a thread: None

Heap address: 0x0000000081e00000, size: 2018 MB, Compressed Oops mode: 32-bit

CDS archive(s) mapped at: [0x000001fa0f000000-0x000001fa0fc80000-0x000001fa0fc80000), size 13107200, SharedBaseAddress: 0x000001fa0f000000, ArchiveRelocationMode: 1.
Compressed class space mapped at: 0x000001fa10000000-0x000001fa50000000, reserved size: 1073741824
Narrow klass base: 0x000001fa0f000000, Narrow klass shift: 0, Narrow klass range: 0x100000000

GC Precious Log:
 CardTable entry size: 512
 Card Set container configuration: InlinePtr #cards 5 size 8 Array Of Cards #cards 12 size 40 Howl #buckets 4 coarsen threshold 1843 Howl Bitmap #cards 512 size 80 coarsen threshold 460 Card regions per heap region 1 cards per card region 2048
 CPUs: 4 total, 4 available
 Memory: 8067M
 Large Page Support: Disabled
 NUMA Support: Disabled
 Compressed Oops: Enabled (32-bit)
 Heap Region Size: 1M
 Heap Min Capacity: 8M
 Heap Initial Capacity: 128M
 Heap Max Capacity: 2018M
 Pre-touch: Disabled
 Parallel Workers: 4
 Concurrent Workers: 1
 Concurrent Refinement Workers: 4
 Periodic GC: Disabled

Heap:
 garbage-first heap   total 131072K, used 19605K [0x0000000081e00000, 0x0000000100000000)
  region size 1024K, 19 young (19456K), 2 survivors (2048K)
 Metaspace       used 6152K, committed 6336K, reserved 1114112K
  class space    used 728K, committed 832K, reserved 1048576K

Heap Regions: E=young(eden), S=young(survivor), O=old, HS=humongous(starts), HC=humongous(continues), CS=collection set, F=free, TAMS=top-at-mark-start, PB=parsable bottom
|   0|0x0000000081e00000, 0x0000000081f00000, 0x0000000081f00000|100%| O|  |TAMS 0x0000000081e00000| PB 0x0000000081e00000| Untracked 
|   1|0x0000000081f00000, 0x0000000081f25530, 0x0000000082000000| 14%| O|  |TAMS 0x0000000081f00000| PB 0x0000000081f00000| Untracked 
|   2|0x0000000082000000, 0x0000000082000000, 0x0000000082100000|  0%| F|  |TAMS 0x0000000082000000| PB 0x0000000082000000| Untracked 
|   3|0x0000000082100000, 0x0000000082100000, 0x0000000082200000|  0%| F|  |TAMS 0x0000000082100000| PB 0x0000000082100000| Untracked 
|   4|0x0000000082200000, 0x0000000082200000, 0x0000000082300000|  0%| F|  |TAMS 0x0000000082200000| PB 0x0000000082200000| Untracked 
|   5|0x0000000082300000, 0x0000000082300000, 0x0000000082400000|  0%| F|  |TAMS 0x0000000082300000| PB 0x0000000082300000| Untracked 
|   6|0x0000000082400000, 0x0000000082400000, 0x0000000082500000|  0%| F|  |TAMS 0x0000000082400000| PB 0x0000000082400000| Untracked 
|   7|0x0000000082500000, 0x0000000082500000, 0x0000000082600000|  0%| F|  |TAMS 0x0000000082500000| PB 0x0000000082500000| Untracked 
|   8|0x0000000082600000, 0x0000000082600000, 0x0000000082700000|  0%| F|  |TAMS 0x0000000082600000| PB 0x0000000082600000| Untracked 
|   9|0x0000000082700000, 0x0000000082700000, 0x0000000082800000|  0%| F|  |TAMS 0x0000000082700000| PB 0x0000000082700000| Untracked 
|  10|0x0000000082800000, 0x0000000082800000, 0x0000000082900000|  0%| F|  |TAMS 0x0000000082800000| PB 0x0000000082800000| Untracked 
|  11|0x0000000082900000, 0x0000000082900000, 0x0000000082a00000|  0%| F|  |TAMS 0x0000000082900000| PB 0x0000000082900000| Untracked 
|  12|0x0000000082a00000, 0x0000000082a00000, 0x0000000082b00000|  0%| F|  |TAMS 0x0000000082a00000| PB 0x0000000082a00000| Untracked 
|  13|0x0000000082b00000, 0x0000000082b00000, 0x0000000082c00000|  0%| F|  |TAMS 0x0000000082b00000| PB 0x0000000082b00000| Untracked 
|  14|0x0000000082c00000, 0x0000000082c00000, 0x0000000082d00000|  0%| F|  |TAMS 0x0000000082c00000| PB 0x0000000082c00000| Untracked 
|  15|0x0000000082d00000, 0x0000000082d00000, 0x0000000082e00000|  0%| F|  |TAMS 0x0000000082d00000| PB 0x0000000082d00000| Untracked 
|  16|0x0000000082e00000, 0x0000000082e00000, 0x0000000082f00000|  0%| F|  |TAMS 0x0000000082e00000| PB 0x0000000082e00000| Untracked 
|  17|0x0000000082f00000, 0x0000000082f00000, 0x0000000083000000|  0%| F|  |TAMS 0x0000000082f00000| PB 0x0000000082f00000| Untracked 
|  18|0x0000000083000000, 0x0000000083000000, 0x0000000083100000|  0%| F|  |TAMS 0x0000000083000000| PB 0x0000000083000000| Untracked 
|  19|0x0000000083100000, 0x0000000083100000, 0x0000000083200000|  0%| F|  |TAMS 0x0000000083100000| PB 0x0000000083100000| Untracked 
|  20|0x0000000083200000, 0x0000000083200000, 0x0000000083300000|  0%| F|  |TAMS 0x0000000083200000| PB 0x0000000083200000| Untracked 
|  21|0x0000000083300000, 0x0000000083300000, 0x0000000083400000|  0%| F|  |TAMS 0x0000000083300000| PB 0x0000000083300000| Untracked 
|  22|0x0000000083400000, 0x0000000083400000, 0x0000000083500000|  0%| F|  |TAMS 0x0000000083400000| PB 0x0000000083400000| Untracked 
|  23|0x0000000083500000, 0x0000000083500000, 0x0000000083600000|  0%| F|  |TAMS 0x0000000083500000| PB 0x0000000083500000| Untracked 
|  24|0x0000000083600000, 0x0000000083600000, 0x0000000083700000|  0%| F|  |TAMS 0x0000000083600000| PB 0x0000000083600000| Untracked 
|  25|0x0000000083700000, 0x0000000083700000, 0x0000000083800000|  0%| F|  |TAMS 0x0000000083700000| PB 0x0000000083700000| Untracked 
|  26|0x0000000083800000, 0x0000000083800000, 0x0000000083900000|  0%| F|  |TAMS 0x0000000083800000| PB 0x0000000083800000| Untracked 
|  27|0x0000000083900000, 0x0000000083900000, 0x0000000083a00000|  0%| F|  |TAMS 0x0000000083900000| PB 0x0000000083900000| Untracked 
|  28|0x0000000083a00000, 0x0000000083a00000, 0x0000000083b00000|  0%| F|  |TAMS 0x0000000083a00000| PB 0x0000000083a00000| Untracked 
|  29|0x0000000083b00000, 0x0000000083b00000, 0x0000000083c00000|  0%| F|  |TAMS 0x0000000083b00000| PB 0x0000000083b00000| Untracked 
|  30|0x0000000083c00000, 0x0000000083c00000, 0x0000000083d00000|  0%| F|  |TAMS 0x0000000083c00000| PB 0x0000000083c00000| Untracked 
|  31|0x0000000083d00000, 0x0000000083d00000, 0x0000000083e00000|  0%| F|  |TAMS 0x0000000083d00000| PB 0x0000000083d00000| Untracked 
|  32|0x0000000083e00000, 0x0000000083e00000, 0x0000000083f00000|  0%| F|  |TAMS 0x0000000083e00000| PB 0x0000000083e00000| Untracked 
|  33|0x0000000083f00000, 0x0000000083f00000, 0x0000000084000000|  0%| F|  |TAMS 0x0000000083f00000| PB 0x0000000083f00000| Untracked 
|  34|0x0000000084000000, 0x0000000084000000, 0x0000000084100000|  0%| F|  |TAMS 0x0000000084000000| PB 0x0000000084000000| Untracked 
|  35|0x0000000084100000, 0x0000000084100000, 0x0000000084200000|  0%| F|  |TAMS 0x0000000084100000| PB 0x0000000084100000| Untracked 
|  36|0x0000000084200000, 0x0000000084200000, 0x0000000084300000|  0%| F|  |TAMS 0x0000000084200000| PB 0x0000000084200000| Untracked 
|  37|0x0000000084300000, 0x0000000084300000, 0x0000000084400000|  0%| F|  |TAMS 0x0000000084300000| PB 0x0000000084300000| Untracked 
|  38|0x0000000084400000, 0x0000000084400000, 0x0000000084500000|  0%| F|  |TAMS 0x0000000084400000| PB 0x0000000084400000| Untracked 
|  39|0x0000000084500000, 0x0000000084500000, 0x0000000084600000|  0%| F|  |TAMS 0x0000000084500000| PB 0x0000000084500000| Untracked 
|  40|0x0000000084600000, 0x0000000084600000, 0x0000000084700000|  0%| F|  |TAMS 0x0000000084600000| PB 0x0000000084600000| Untracked 
|  41|0x0000000084700000, 0x0000000084700000, 0x0000000084800000|  0%| F|  |TAMS 0x0000000084700000| PB 0x0000000084700000| Untracked 
|  42|0x0000000084800000, 0x0000000084800000, 0x0000000084900000|  0%| F|  |TAMS 0x0000000084800000| PB 0x0000000084800000| Untracked 
|  43|0x0000000084900000, 0x0000000084900000, 0x0000000084a00000|  0%| F|  |TAMS 0x0000000084900000| PB 0x0000000084900000| Untracked 
|  44|0x0000000084a00000, 0x0000000084a00000, 0x0000000084b00000|  0%| F|  |TAMS 0x0000000084a00000| PB 0x0000000084a00000| Untracked 
|  45|0x0000000084b00000, 0x0000000084b00000, 0x0000000084c00000|  0%| F|  |TAMS 0x0000000084b00000| PB 0x0000000084b00000| Untracked 
|  46|0x0000000084c00000, 0x0000000084c00000, 0x0000000084d00000|  0%| F|  |TAMS 0x0000000084c00000| PB 0x0000000084c00000| Untracked 
|  47|0x0000000084d00000, 0x0000000084d00000, 0x0000000084e00000|  0%| F|  |TAMS 0x0000000084d00000| PB 0x0000000084d00000| Untracked 
|  48|0x0000000084e00000, 0x0000000084e00000, 0x0000000084f00000|  0%| F|  |TAMS 0x0000000084e00000| PB 0x0000000084e00000| Untracked 
|  49|0x0000000084f00000, 0x0000000084f00000, 0x0000000085000000|  0%| F|  |TAMS 0x0000000084f00000| PB 0x0000000084f00000| Untracked 
|  50|0x0000000085000000, 0x0000000085000000, 0x0000000085100000|  0%| F|  |TAMS 0x0000000085000000| PB 0x0000000085000000| Untracked 
|  51|0x0000000085100000, 0x0000000085100000, 0x0000000085200000|  0%| F|  |TAMS 0x0000000085100000| PB 0x0000000085100000| Untracked 
|  52|0x0000000085200000, 0x0000000085200000, 0x0000000085300000|  0%| F|  |TAMS 0x0000000085200000| PB 0x0000000085200000| Untracked 
|  53|0x0000000085300000, 0x0000000085300000, 0x0000000085400000|  0%| F|  |TAMS 0x0000000085300000| PB 0x0000000085300000| Untracked 
|  54|0x0000000085400000, 0x0000000085400000, 0x0000000085500000|  0%| F|  |TAMS 0x0000000085400000| PB 0x0000000085400000| Untracked 
|  55|0x0000000085500000, 0x0000000085500000, 0x0000000085600000|  0%| F|  |TAMS 0x0000000085500000| PB 0x0000000085500000| Untracked 
|  56|0x0000000085600000, 0x0000000085600000, 0x0000000085700000|  0%| F|  |TAMS 0x0000000085600000| PB 0x0000000085600000| Untracked 
|  57|0x0000000085700000, 0x0000000085700000, 0x0000000085800000|  0%| F|  |TAMS 0x0000000085700000| PB 0x0000000085700000| Untracked 
|  58|0x0000000085800000, 0x0000000085800000, 0x0000000085900000|  0%| F|  |TAMS 0x0000000085800000| PB 0x0000000085800000| Untracked 
|  59|0x0000000085900000, 0x0000000085900000, 0x0000000085a00000|  0%| F|  |TAMS 0x0000000085900000| PB 0x0000000085900000| Untracked 
|  60|0x0000000085a00000, 0x0000000085a00000, 0x0000000085b00000|  0%| F|  |TAMS 0x0000000085a00000| PB 0x0000000085a00000| Untracked 
|  61|0x0000000085b00000, 0x0000000085b00000, 0x0000000085c00000|  0%| F|  |TAMS 0x0000000085b00000| PB 0x0000000085b00000| Untracked 
|  62|0x0000000085c00000, 0x0000000085c00000, 0x0000000085d00000|  0%| F|  |TAMS 0x0000000085c00000| PB 0x0000000085c00000| Untracked 
|  63|0x0000000085d00000, 0x0000000085d00000, 0x0000000085e00000|  0%| F|  |TAMS 0x0000000085d00000| PB 0x0000000085d00000| Untracked 
|  64|0x0000000085e00000, 0x0000000085e00000, 0x0000000085f00000|  0%| F|  |TAMS 0x0000000085e00000| PB 0x0000000085e00000| Untracked 
|  65|0x0000000085f00000, 0x0000000085f00000, 0x0000000086000000|  0%| F|  |TAMS 0x0000000085f00000| PB 0x0000000085f00000| Untracked 
|  66|0x0000000086000000, 0x0000000086000000, 0x0000000086100000|  0%| F|  |TAMS 0x0000000086000000| PB 0x0000000086000000| Untracked 
|  67|0x0000000086100000, 0x0000000086100000, 0x0000000086200000|  0%| F|  |TAMS 0x0000000086100000| PB 0x0000000086100000| Untracked 
|  68|0x0000000086200000, 0x0000000086200000, 0x0000000086300000|  0%| F|  |TAMS 0x0000000086200000| PB 0x0000000086200000| Untracked 
|  69|0x0000000086300000, 0x0000000086300000, 0x0000000086400000|  0%| F|  |TAMS 0x0000000086300000| PB 0x0000000086300000| Untracked 
|  70|0x0000000086400000, 0x0000000086400000, 0x0000000086500000|  0%| F|  |TAMS 0x0000000086400000| PB 0x0000000086400000| Untracked 
|  71|0x0000000086500000, 0x0000000086500000, 0x0000000086600000|  0%| F|  |TAMS 0x0000000086500000| PB 0x0000000086500000| Untracked 
|  72|0x0000000086600000, 0x0000000086600000, 0x0000000086700000|  0%| F|  |TAMS 0x0000000086600000| PB 0x0000000086600000| Untracked 
|  73|0x0000000086700000, 0x0000000086700000, 0x0000000086800000|  0%| F|  |TAMS 0x0000000086700000| PB 0x0000000086700000| Untracked 
|  74|0x0000000086800000, 0x0000000086800000, 0x0000000086900000|  0%| F|  |TAMS 0x0000000086800000| PB 0x0000000086800000| Untracked 
|  75|0x0000000086900000, 0x0000000086900000, 0x0000000086a00000|  0%| F|  |TAMS 0x0000000086900000| PB 0x0000000086900000| Untracked 
|  76|0x0000000086a00000, 0x0000000086a00000, 0x0000000086b00000|  0%| F|  |TAMS 0x0000000086a00000| PB 0x0000000086a00000| Untracked 
|  77|0x0000000086b00000, 0x0000000086b00000, 0x0000000086c00000|  0%| F|  |TAMS 0x0000000086b00000| PB 0x0000000086b00000| Untracked 
|  78|0x0000000086c00000, 0x0000000086c00000, 0x0000000086d00000|  0%| F|  |TAMS 0x0000000086c00000| PB 0x0000000086c00000| Untracked 
|  79|0x0000000086d00000, 0x0000000086d00000, 0x0000000086e00000|  0%| F|  |TAMS 0x0000000086d00000| PB 0x0000000086d00000| Untracked 
|  80|0x0000000086e00000, 0x0000000086e00000, 0x0000000086f00000|  0%| F|  |TAMS 0x0000000086e00000| PB 0x0000000086e00000| Untracked 
|  81|0x0000000086f00000, 0x0000000086f00000, 0x0000000087000000|  0%| F|  |TAMS 0x0000000086f00000| PB 0x0000000086f00000| Untracked 
|  82|0x0000000087000000, 0x0000000087000000, 0x0000000087100000|  0%| F|  |TAMS 0x0000000087000000| PB 0x0000000087000000| Untracked 
|  83|0x0000000087100000, 0x0000000087100000, 0x0000000087200000|  0%| F|  |TAMS 0x0000000087100000| PB 0x0000000087100000| Untracked 
|  84|0x0000000087200000, 0x0000000087200000, 0x0000000087300000|  0%| F|  |TAMS 0x0000000087200000| PB 0x0000000087200000| Untracked 
|  85|0x0000000087300000, 0x0000000087300000, 0x0000000087400000|  0%| F|  |TAMS 0x0000000087300000| PB 0x0000000087300000| Untracked 
|  86|0x0000000087400000, 0x0000000087400000, 0x0000000087500000|  0%| F|  |TAMS 0x0000000087400000| PB 0x0000000087400000| Untracked 
|  87|0x0000000087500000, 0x0000000087500000, 0x0000000087600000|  0%| F|  |TAMS 0x0000000087500000| PB 0x0000000087500000| Untracked 
|  88|0x0000000087600000, 0x0000000087600000, 0x0000000087700000|  0%| F|  |TAMS 0x0000000087600000| PB 0x0000000087600000| Untracked 
|  89|0x0000000087700000, 0x0000000087700000, 0x0000000087800000|  0%| F|  |TAMS 0x0000000087700000| PB 0x0000000087700000| Untracked 
|  90|0x0000000087800000, 0x0000000087800000, 0x0000000087900000|  0%| F|  |TAMS 0x0000000087800000| PB 0x0000000087800000| Untracked 
|  91|0x0000000087900000, 0x0000000087900000, 0x0000000087a00000|  0%| F|  |TAMS 0x0000000087900000| PB 0x0000000087900000| Untracked 
|  92|0x0000000087a00000, 0x0000000087a00000, 0x0000000087b00000|  0%| F|  |TAMS 0x0000000087a00000| PB 0x0000000087a00000| Untracked 
|  93|0x0000000087b00000, 0x0000000087b00000, 0x0000000087c00000|  0%| F|  |TAMS 0x0000000087b00000| PB 0x0000000087b00000| Untracked 
|  94|0x0000000087c00000, 0x0000000087c00000, 0x0000000087d00000|  0%| F|  |TAMS 0x0000000087c00000| PB 0x0000000087c00000| Untracked 
|  95|0x0000000087d00000, 0x0000000087d00000, 0x0000000087e00000|  0%| F|  |TAMS 0x0000000087d00000| PB 0x0000000087d00000| Untracked 
|  96|0x0000000087e00000, 0x0000000087e00000, 0x0000000087f00000|  0%| F|  |TAMS 0x0000000087e00000| PB 0x0000000087e00000| Untracked 
|  97|0x0000000087f00000, 0x0000000087f00000, 0x0000000088000000|  0%| F|  |TAMS 0x0000000087f00000| PB 0x0000000087f00000| Untracked 
|  98|0x0000000088000000, 0x0000000088000000, 0x0000000088100000|  0%| F|  |TAMS 0x0000000088000000| PB 0x0000000088000000| Untracked 
|  99|0x0000000088100000, 0x0000000088100000, 0x0000000088200000|  0%| F|  |TAMS 0x0000000088100000| PB 0x0000000088100000| Untracked 
| 100|0x0000000088200000, 0x0000000088200000, 0x0000000088300000|  0%| F|  |TAMS 0x0000000088200000| PB 0x0000000088200000| Untracked 
| 101|0x0000000088300000, 0x0000000088300000, 0x0000000088400000|  0%| F|  |TAMS 0x0000000088300000| PB 0x0000000088300000| Untracked 
| 102|0x0000000088400000, 0x0000000088400000, 0x0000000088500000|  0%| F|  |TAMS 0x0000000088400000| PB 0x0000000088400000| Untracked 
| 103|0x0000000088500000, 0x0000000088500000, 0x0000000088600000|  0%| F|  |TAMS 0x0000000088500000| PB 0x0000000088500000| Untracked 
| 104|0x0000000088600000, 0x0000000088600000, 0x0000000088700000|  0%| F|  |TAMS 0x0000000088600000| PB 0x0000000088600000| Untracked 
| 105|0x0000000088700000, 0x0000000088700000, 0x0000000088800000|  0%| F|  |TAMS 0x0000000088700000| PB 0x0000000088700000| Untracked 
| 106|0x0000000088800000, 0x0000000088800000, 0x0000000088900000|  0%| F|  |TAMS 0x0000000088800000| PB 0x0000000088800000| Untracked 
| 107|0x0000000088900000, 0x0000000088900000, 0x0000000088a00000|  0%| F|  |TAMS 0x0000000088900000| PB 0x0000000088900000| Untracked 
| 108|0x0000000088a00000, 0x0000000088a00000, 0x0000000088b00000|  0%| F|  |TAMS 0x0000000088a00000| PB 0x0000000088a00000| Untracked 
| 109|0x0000000088b00000, 0x0000000088b6d748, 0x0000000088c00000| 42%| E|  |TAMS 0x0000000088b00000| PB 0x0000000088b00000| Complete 
| 110|0x0000000088c00000, 0x0000000088d00000, 0x0000000088d00000|100%| E|CS|TAMS 0x0000000088c00000| PB 0x0000000088c00000| Complete 
| 111|0x0000000088d00000, 0x0000000088e00000, 0x0000000088e00000|100%| E|CS|TAMS 0x0000000088d00000| PB 0x0000000088d00000| Complete 
| 112|0x0000000088e00000, 0x0000000088f00000, 0x0000000088f00000|100%| E|CS|TAMS 0x0000000088e00000| PB 0x0000000088e00000| Complete 
| 113|0x0000000088f00000, 0x0000000089000000, 0x0000000089000000|100%| S|CS|TAMS 0x0000000088f00000| PB 0x0000000088f00000| Complete 
| 114|0x0000000089000000, 0x0000000089100000, 0x0000000089100000|100%| S|CS|TAMS 0x0000000089000000| PB 0x0000000089000000| Complete 
| 115|0x0000000089100000, 0x0000000089200000, 0x0000000089200000|100%| E|CS|TAMS 0x0000000089100000| PB 0x0000000089100000| Complete 
| 116|0x0000000089200000, 0x0000000089300000, 0x0000000089300000|100%| E|CS|TAMS 0x0000000089200000| PB 0x0000000089200000| Complete 
| 117|0x0000000089300000, 0x0000000089400000, 0x0000000089400000|100%| E|CS|TAMS 0x0000000089300000| PB 0x0000000089300000| Complete 
| 118|0x0000000089400000, 0x0000000089500000, 0x0000000089500000|100%| E|CS|TAMS 0x0000000089400000| PB 0x0000000089400000| Complete 
| 119|0x0000000089500000, 0x0000000089600000, 0x0000000089600000|100%| E|CS|TAMS 0x0000000089500000| PB 0x0000000089500000| Complete 
| 120|0x0000000089600000, 0x0000000089700000, 0x0000000089700000|100%| E|CS|TAMS 0x0000000089600000| PB 0x0000000089600000| Complete 
| 121|0x0000000089700000, 0x0000000089800000, 0x0000000089800000|100%| E|CS|TAMS 0x0000000089700000| PB 0x0000000089700000| Complete 
| 122|0x0000000089800000, 0x0000000089900000, 0x0000000089900000|100%| E|CS|TAMS 0x0000000089800000| PB 0x0000000089800000| Complete 
| 123|0x0000000089900000, 0x0000000089a00000, 0x0000000089a00000|100%| E|CS|TAMS 0x0000000089900000| PB 0x0000000089900000| Complete 
| 124|0x0000000089a00000, 0x0000000089b00000, 0x0000000089b00000|100%| E|CS|TAMS 0x0000000089a00000| PB 0x0000000089a00000| Complete 
| 125|0x0000000089b00000, 0x0000000089c00000, 0x0000000089c00000|100%| E|CS|TAMS 0x0000000089b00000| PB 0x0000000089b00000| Complete 
| 126|0x0000000089c00000, 0x0000000089d00000, 0x0000000089d00000|100%| E|CS|TAMS 0x0000000089c00000| PB 0x0000000089c00000| Complete 
| 127|0x0000000089d00000, 0x0000000089e00000, 0x0000000089e00000|100%| E|CS|TAMS 0x0000000089d00000| PB 0x0000000089d00000| Complete 

Card table byte_map: [0x000001fa77d90000,0x000001fa78190000] _byte_map_base: 0x000001fa77981000

Marking Bits: (CMBitMap*) 0x000001fa6f2b8fa0
 Bits: [0x000001fa78190000, 0x000001fa7a118000)

Polling page: 0x000001fa6cf60000

Metaspace:

Usage:
  Non-class:      5.31 MB used.
      Class:    730.68 KB used.
       Both:      6.03 MB used.

Virtual space:
  Non-class space:       64.00 MB reserved,       5.44 MB (  8%) committed,  1 nodes.
      Class space:        1.00 GB reserved,     832.00 KB ( <1%) committed,  1 nodes.
             Both:        1.06 GB reserved,       6.25 MB ( <1%) committed. 

Chunk freelists:
   Non-Class:  8.86 MB
       Class:  15.22 MB
        Both:  24.08 MB

MaxMetaspaceSize: unlimited
CompressedClassSpaceSize: 1.00 GB
Initial GC threshold: 21.00 MB
Current GC threshold: 21.00 MB
CDS: on
 - commit_granule_bytes: 65536.
 - commit_granule_words: 8192.
 - virtual_space_node_default_size: 8388608.
 - enlarge_chunks_in_place: 1.
 - use_allocation_guard: 0.


Internal statistics:

num_allocs_failed_limit: 0.
num_arena_births: 58.
num_arena_deaths: 0.
num_vsnodes_births: 2.
num_vsnodes_deaths: 0.
num_space_committed: 100.
num_space_uncommitted: 0.
num_chunks_returned_to_freelist: 0.
num_chunks_taken_from_freelist: 240.
num_chunk_merges: 0.
num_chunk_splits: 150.
num_chunks_enlarged: 123.
num_inconsistent_stats: 0.

CodeHeap 'non-profiled nmethods': size=120000Kb used=469Kb max_used=469Kb free=119530Kb
 bounds [0x000001fa07ad0000, 0x000001fa07d40000, 0x000001fa0f000000]
CodeHeap 'profiled nmethods': size=120000Kb used=2516Kb max_used=2516Kb free=117483Kb
 bounds [0x000001fa00000000, 0x000001fa00280000, 0x000001fa07530000]
CodeHeap 'non-nmethods': size=5760Kb used=1292Kb max_used=1324Kb free=4467Kb
 bounds [0x000001fa07530000, 0x000001fa077a0000, 0x000001fa07ad0000]
CodeCache: size=245760Kb, used=4277Kb, max_used=4309Kb, free=241480Kb
 total_blobs=1779, nmethods=1320, adapters=364, full_count=0
Compilation: enabled, stopped_count=0, restarted_count=0

Compilation events (20 events):
Event: 1.223 Thread 0x000001fa7c5f8d80 1304       2       sun.reflect.annotation.AnnotationInvocationHandler::invoke (182 bytes)
Event: 1.225 Thread 0x000001fa7c5f8d80 nmethod 1304 0x000001fa00264e90 code [0x000001fa00265140, 0x000001fa002659b0]
Event: 1.225 Thread 0x000001fa7c5f8d80 1305       2       java.lang.System$2::getConstantPool (5 bytes)
Event: 1.225 Thread 0x000001fa7c5f8d80 nmethod 1305 0x000001fa00265e10 code [0x000001fa00265fc0, 0x000001fa002660e8]
Event: 1.225 Thread 0x000001fa7c5f8d80 1306       2       java.util.LinkedHashMap::values (5 bytes)
Event: 1.225 Thread 0x000001fa7c5f8d80 nmethod 1306 0x000001fa00266190 code [0x000001fa00266340, 0x000001fa00266468]
Event: 1.225 Thread 0x000001fa7c5f8d80 1307       2       java.lang.Module::getLayer (43 bytes)
Event: 1.225 Thread 0x000001fa7c5f8d80 nmethod 1307 0x000001fa00266510 code [0x000001fa002666c0, 0x000001fa002668b0]
Event: 1.234 Thread 0x000001fa7c5f8d80 1309       2       java.net.URL::lowerCaseProtocol (46 bytes)
Event: 1.235 Thread 0x000001fa7c5f8d80 nmethod 1309 0x000001fa00266990 code [0x000001fa00266ba0, 0x000001fa00266e60]
Event: 1.236 Thread 0x000001fa7c5f8d80 1310       2       java.util.jar.JarFile::match (132 bytes)
Event: 1.237 Thread 0x000001fa7c5f8d80 nmethod 1310 0x000001fa00266f90 code [0x000001fa00267160, 0x000001fa002674b0]
Event: 1.237 Thread 0x000001fa7c5f8d80 1311       2       java.lang.StringLatin1::toLowerCase (186 bytes)
Event: 1.237 Thread 0x000001fa7c5f8d80 nmethod 1311 0x000001fa00267710 code [0x000001fa00267940, 0x000001fa00268020]
Event: 1.238 Thread 0x000001fa7c5f8d80 1312       2       java.nio.charset.CharsetDecoder::flush (49 bytes)
Event: 1.238 Thread 0x000001fa7c5f8d80 nmethod 1312 0x000001fa00268390 code [0x000001fa00268540, 0x000001fa002686f8]
Event: 1.238 Thread 0x000001fa7c5f8d80 1313 %     3       java.util.jar.JarFile::match @ 14 (132 bytes)
Event: 1.239 Thread 0x000001fa7c5f8d80 nmethod 1313% 0x000001fa00268810 code [0x000001fa00268a00, 0x000001fa00269038]
Event: 1.239 Thread 0x000001fa7c5f8d80 1314       2       java.io.BufferedReader::implReadLine (301 bytes)
Event: 1.240 Thread 0x000001fa7c5f8d80 nmethod 1314 0x000001fa00269390 code [0x000001fa00269600, 0x000001fa00269eb0]

GC Heap History (2 events):
Event: 0.743 GC heap before
{Heap before GC invocations=0 (full 0):
 garbage-first heap   total 131072K, used 13312K [0x0000000081e00000, 0x0000000100000000)
  region size 1024K, 13 young (13312K), 0 survivors (0K)
 Metaspace       used 3663K, committed 3840K, reserved 1114112K
  class space    used 373K, committed 448K, reserved 1048576K
}
Event: 0.749 GC heap after
{Heap after GC invocations=1 (full 0):
 garbage-first heap   total 131072K, used 3221K [0x0000000081e00000, 0x0000000100000000)
  region size 1024K, 2 young (2048K), 2 survivors (2048K)
 Metaspace       used 3663K, committed 3840K, reserved 1114112K
  class space    used 373K, committed 448K, reserved 1048576K
}

Dll operation events (8 events):
Event: 0.011 Loaded shared library C:\Users\User\.jdks\ms-21.0.10\bin\java.dll
Event: 0.049 Loaded shared library C:\Users\User\.jdks\ms-21.0.10\bin\jsvml.dll
Event: 0.097 Loaded shared library C:\Users\User\.jdks\ms-21.0.10\bin\net.dll
Event: 0.100 Loaded shared library C:\Users\User\.jdks\ms-21.0.10\bin\nio.dll
Event: 0.104 Loaded shared library C:\Users\User\.jdks\ms-21.0.10\bin\zip.dll
Event: 0.291 Loaded shared library C:\Users\User\.jdks\ms-21.0.10\bin\jimage.dll
Event: 0.292 Loaded shared library C:\Program Files\JetBrains\IntelliJ IDEA 2025.3.2\plugins\maven\lib\maven3\lib\jansi-native\Windows\x86_64\jansi.dll
Event: 0.311 Loaded shared library C:\Users\User\.jdks\ms-21.0.10\bin\verify.dll

Deoptimization events (20 events):
Event: 0.921 Thread 0x000001fa6f262f70 Uncommon trap: trap_request=0xffffffde fr.pc=0x000001fa07b219dc relative=0x000000000000013c
Event: 0.921 Thread 0x000001fa6f262f70 Uncommon trap: reason=class_check action=maybe_recompile pc=0x000001fa07b219dc method=jdk.internal.misc.Unsafe.allocateUninitializedArray(Ljava/lang/Class;I)Ljava/lang/Object; @ 51 c2
Event: 0.921 Thread 0x000001fa6f262f70 DEOPT PACKING pc=0x000001fa07b219dc sp=0x0000004378dfcc20
Event: 0.921 Thread 0x000001fa6f262f70 DEOPT UNPACKING pc=0x000001fa07584422 sp=0x0000004378dfcb98 mode 2
Event: 0.987 Thread 0x000001fa6f262f70 Uncommon trap: trap_request=0xffffff6e fr.pc=0x000001fa07b05ae4 relative=0x00000000000004a4
Event: 0.987 Thread 0x000001fa6f262f70 Uncommon trap: reason=loop_limit_check action=maybe_recompile pc=0x000001fa07b05ae4 method=java.lang.StringLatin1.indexOf([BI[BII)I @ 37 c2
Event: 0.987 Thread 0x000001fa6f262f70 DEOPT PACKING pc=0x000001fa07b05ae4 sp=0x0000004378dfd980
Event: 0.987 Thread 0x000001fa6f262f70 DEOPT UNPACKING pc=0x000001fa07584422 sp=0x0000004378dfd8e0 mode 2
Event: 0.991 Thread 0x000001fa6f262f70 Uncommon trap: trap_request=0xffffff76 fr.pc=0x000001fa07b0b614 relative=0x00000000000001d4
Event: 0.991 Thread 0x000001fa6f262f70 Uncommon trap: reason=predicate action=maybe_recompile pc=0x000001fa07b0b614 method=java.util.regex.Pattern$BmpCharPropertyGreedy.match(Ljava/util/regex/Matcher;ILjava/lang/CharSequence;)Z @ 12 c2
Event: 0.991 Thread 0x000001fa6f262f70 DEOPT PACKING pc=0x000001fa07b0b614 sp=0x0000004378dfdde0
Event: 0.991 Thread 0x000001fa6f262f70 DEOPT UNPACKING pc=0x000001fa07584422 sp=0x0000004378dfdd98 mode 2
Event: 1.103 Thread 0x000001fa6f262f70 Uncommon trap: trap_request=0xffffff45 fr.pc=0x000001fa07b2b940 relative=0x0000000000001a60
Event: 1.103 Thread 0x000001fa6f262f70 Uncommon trap: reason=unstable_if action=reinterpret pc=0x000001fa07b2b940 method=sun.nio.cs.StreamDecoder.implRead([CII)I @ 71 c2
Event: 1.103 Thread 0x000001fa6f262f70 DEOPT PACKING pc=0x000001fa07b2b940 sp=0x0000004378dfdd20
Event: 1.103 Thread 0x000001fa6f262f70 DEOPT UNPACKING pc=0x000001fa07584422 sp=0x0000004378dfd998 mode 2
Event: 1.153 Thread 0x000001fa6f262f70 Uncommon trap: trap_request=0xffffff45 fr.pc=0x000001fa07b31608 relative=0x00000000000013c8
Event: 1.153 Thread 0x000001fa6f262f70 Uncommon trap: reason=unstable_if action=reinterpret pc=0x000001fa07b31608 method=sun.nio.cs.StreamDecoder.lockedRead0()I @ 30 c2
Event: 1.153 Thread 0x000001fa6f262f70 DEOPT PACKING pc=0x000001fa07b31608 sp=0x0000004378dfdd30
Event: 1.153 Thread 0x000001fa6f262f70 DEOPT UNPACKING pc=0x000001fa07584422 sp=0x0000004378dfdc28 mode 2

Classes loaded (20 events):
Event: 0.933 Loading class java/util/concurrent/TimeoutException
Event: 0.933 Loading class java/util/concurrent/TimeoutException done
Event: 0.934 Loading class java/util/concurrent/CancellationException
Event: 0.934 Loading class java/util/concurrent/CancellationException done
Event: 0.943 Loading class java/lang/reflect/ParameterizedType
Event: 0.943 Loading class java/lang/reflect/ParameterizedType done
Event: 0.950 Loading class java/lang/reflect/WildcardType
Event: 0.950 Loading class java/lang/reflect/WildcardType done
Event: 0.955 Loading class sun/reflect/generics/tree/TypeVariableSignature
Event: 0.955 Loading class sun/reflect/generics/tree/TypeVariableSignature done
Event: 0.981 Loading class java/lang/annotation/IncompleteAnnotationException
Event: 0.982 Loading class java/lang/annotation/IncompleteAnnotationException done
Event: 1.083 Loading class java/lang/foreign/MemorySegment
Event: 1.084 Loading class java/lang/foreign/MemorySegment done
Event: 1.164 Loading class sun/reflect/generics/reflectiveObjects/TypeVariableImpl
Event: 1.165 Loading class sun/reflect/generics/reflectiveObjects/LazyReflectiveObjectGenerator
Event: 1.165 Loading class sun/reflect/generics/reflectiveObjects/LazyReflectiveObjectGenerator done
Event: 1.165 Loading class sun/reflect/generics/reflectiveObjects/TypeVariableImpl done
Event: 1.166 Loading class sun/reflect/generics/reflectiveObjects/ParameterizedTypeImpl
Event: 1.166 Loading class sun/reflect/generics/reflectiveObjects/ParameterizedTypeImpl done

Classes unloaded (0 events):
No events

Classes redefined (0 events):
No events

Internal exceptions (20 events):
Event: 0.299 Thread 0x000001fa6f262f70 Exception <a 'java/lang/NullPointerException'{0x000000008984cdf0}> (0x000000008984cdf0) 
thrown [s\src\hotspot\share\interpreter\linkResolver.cpp, line 1372]
Event: 0.299 Thread 0x000001fa6f262f70 Exception <a 'java/lang/NullPointerException'{0x000000008984d0d0}> (0x000000008984d0d0) 
thrown [s\src\hotspot\share\interpreter\linkResolver.cpp, line 1372]
Event: 0.299 Thread 0x000001fa6f262f70 Exception <a 'java/lang/NullPointerException'{0x000000008984d3b0}> (0x000000008984d3b0) 
thrown [s\src\hotspot\share\interpreter\linkResolver.cpp, line 1372]
Event: 0.299 Thread 0x000001fa6f262f70 Exception <a 'java/lang/NullPointerException'{0x000000008984d690}> (0x000000008984d690) 
thrown [s\src\hotspot\share\interpreter\linkResolver.cpp, line 1372]
Event: 0.308 Thread 0x000001fa6f262f70 Exception <a 'sun/nio/fs/WindowsException'{0x000000008987aba8}> (0x000000008987aba8) 
thrown [s\src\hotspot\share\prims\jni.cpp, line 520]
Event: 0.309 Thread 0x000001fa6f262f70 Exception <a 'sun/nio/fs/WindowsException'{0x000000008987b390}> (0x000000008987b390) 
thrown [s\src\hotspot\share\prims\jni.cpp, line 520]
Event: 0.326 Thread 0x000001fa6f262f70 Exception <a 'java/lang/NoSuchMethodError'{0x00000000898cc988}: 'void java.lang.invoke.DirectMethodHandle$Holder.invokeStatic(java.lang.Object, java.lang.Object)'> (0x00000000898cc988) 
thrown [s\src\hotspot\share\interpreter\linkResolver.cpp, line 773]
Event: 0.327 Thread 0x000001fa6f262f70 Exception <a 'java/lang/NoSuchMethodError'{0x00000000898cfd98}: 'void java.lang.invoke.DirectMethodHandle$Holder.invokeStaticInit(java.lang.Object, java.lang.Object)'> (0x00000000898cfd98) 
thrown [s\src\hotspot\share\interpreter\linkResolver.cpp, line 773]
Event: 0.346 Thread 0x000001fa6f262f70 Exception <a 'java/lang/NoSuchMethodError'{0x000000008971e710}: 'void java.lang.invoke.DirectMethodHandle$Holder.invokeStatic(java.lang.Object, java.lang.Object, java.lang.Object)'> (0x000000008971e710) 
thrown [s\src\hotspot\share\interpreter\linkResolver.cpp, line 773]
Event: 0.432 Thread 0x000001fa6f262f70 Exception <a 'java/lang/NullPointerException'{0x00000000897c6098}> (0x00000000897c6098) 
thrown [s\src\hotspot\share\interpreter\linkResolver.cpp, line 1372]
Event: 0.432 Thread 0x000001fa6f262f70 Exception <a 'java/lang/NullPointerException'{0x00000000897cc8f0}> (0x00000000897cc8f0) 
thrown [s\src\hotspot\share\interpreter\linkResolver.cpp, line 1372]
Event: 0.489 Thread 0x000001fa6f262f70 Exception <a 'java/lang/NoSuchMethodError'{0x00000000896b9c88}: 'java.lang.Object java.lang.invoke.DirectMethodHandle$Holder.invokeSpecialIFC(java.lang.Object, java.lang.Object, java.lang.Object, java.lang.Object)'> (0x00000000896b9c88) 
thrown [s\src\hotspot\share\interpreter\linkResolver.cpp, line 773]
Event: 0.772 Thread 0x000001fa6f262f70 Exception <a 'java/lang/NoSuchMethodError'{0x0000000089db04b8}: 'void java.lang.invoke.DirectMethodHandle$Holder.invokeSpecial(java.lang.Object, java.lang.Object, java.lang.Object)'> (0x0000000089db04b8) 
thrown [s\src\hotspot\share\interpreter\linkResolver.cpp, line 773]
Event: 0.818 Thread 0x000001fa6f262f70 Exception <a 'java/lang/NoSuchMethodError'{0x0000000089b2c480}: 'java.lang.Object java.lang.invoke.DirectMethodHandle$Holder.invokeInterface(java.lang.Object, java.lang.Object)'> (0x0000000089b2c480) 
thrown [s\src\hotspot\share\interpreter\linkResolver.cpp, line 773]
Event: 0.841 Thread 0x000001fa6f262f70 Exception <a 'java/lang/NoSuchMethodError'{0x0000000089bd1d50}: 'int java.lang.invoke.DirectMethodHandle$Holder.invokeStatic(java.lang.Object, java.lang.Object, java.lang.Object, java.lang.Object)'> (0x0000000089bd1d50) 
thrown [s\src\hotspot\share\interpreter\linkResolver.cpp, line 773]
Event: 0.841 Thread 0x000001fa6f262f70 Exception <a 'java/lang/NoSuchMethodError'{0x0000000089bd5420}: 'java.lang.Object java.lang.invoke.Invokers$Holder.invokeExact_MT(java.lang.Object, java.lang.Object, java.lang.Object, java.lang.Object, java.lang.Object, java.lang.Object)'> (0x0000000089bd5420) 
thrown [s\src\hotspot\share\interpreter\linkResolver.cpp, line 773]
Event: 0.844 Thread 0x000001fa6f262f70 Exception <a 'java/lang/NoSuchMethodError'{0x0000000089be4100}: 'int java.lang.invoke.DirectMethodHandle$Holder.invokeSpecialIFC(java.lang.Object, java.lang.Object, java.lang.Object, java.lang.Object, java.lang.Object)'> (0x0000000089be4100) 
thrown [s\src\hotspot\share\interpreter\linkResolver.cpp, line 773]
Event: 0.913 Thread 0x000001fa6f262f70 Exception <a 'java/lang/NoSuchMethodError'{0x000000008998e0e0}: 'java.lang.Object java.lang.invoke.DirectMethodHandle$Holder.newInvokeSpecial(java.lang.Object, java.lang.Object, java.lang.Object, java.lang.Object, java.lang.Object)'> (0x000000008998e0e0) 
thrown [s\src\hotspot\share\interpreter\linkResolver.cpp, line 773]
Event: 0.967 Thread 0x000001fa6f262f70 Exception <a 'java/lang/NoSuchMethodError'{0x00000000898b1430}: 'int java.lang.invoke.DirectMethodHandle$Holder.invokeStaticInit(java.lang.Object, java.lang.Object)'> (0x00000000898b1430) 
thrown [s\src\hotspot\share\interpreter\linkResolver.cpp, line 773]
Event: 0.982 Thread 0x000001fa6f262f70 Exception <a 'java/lang/NoClassDefFoundError'{0x00000000898e9ad8}: javax/enterprise/inject/Typed> (0x00000000898e9ad8) 
thrown [s\src\hotspot\share\classfile\systemDictionary.cpp, line 301]

ZGC Phase Switch (0 events):
No events

VM Operations (8 events):
Event: 0.105 Executing non-safepoint VM operation: HandshakeAllThreads (Deoptimize)
Event: 0.105 Executing non-safepoint VM operation: HandshakeAllThreads (Deoptimize) done
Event: 0.282 Executing non-safepoint VM operation: HandshakeAllThreads (Deoptimize)
Event: 0.282 Executing non-safepoint VM operation: HandshakeAllThreads (Deoptimize) done
Event: 0.296 Executing non-safepoint VM operation: HandshakeAllThreads (Deoptimize)
Event: 0.296 Executing non-safepoint VM operation: HandshakeAllThreads (Deoptimize) done
Event: 0.743 Executing safepoint VM operation: G1CollectForAllocation (G1 Evacuation Pause)
Event: 0.749 Executing safepoint VM operation: G1CollectForAllocation (G1 Evacuation Pause) done

Memory protections (0 events):
No events

Nmethod flushes (0 events):
No events

Events (14 events):
Event: 0.031 Thread 0x000001fa6f262f70 Thread added: 0x000001fa6f262f70
Event: 0.046 Thread 0x000001fa6f262f70 Thread added: 0x000001fa7c5e06a0
Event: 0.046 Thread 0x000001fa6f262f70 Thread added: 0x000001fa7c5e1300
Event: 0.046 Thread 0x000001fa6f262f70 Thread added: 0x000001fa7c5e3e70
Event: 0.046 Thread 0x000001fa6f262f70 Thread added: 0x000001fa7c5e4b50
Event: 0.047 Thread 0x000001fa6f262f70 Thread added: 0x000001fa7c5e55b0
Event: 0.047 Thread 0x000001fa6f262f70 Thread added: 0x000001fa7c5ea030
Event: 0.047 Thread 0x000001fa6f262f70 Thread added: 0x000001fa7c5f62d0
Event: 0.047 Thread 0x000001fa6f262f70 Thread added: 0x000001fa7c5f8d80
Event: 0.090 Thread 0x000001fa6f262f70 Thread added: 0x000001fa7c731990
Event: 0.092 Thread 0x000001fa6f262f70 Thread added: 0x000001fa7c7347a0
Event: 0.181 Thread 0x000001fa7c5f8d80 Thread added: 0x000001fa7c8578b0
Event: 0.289 Thread 0x000001fa6f262f70 Thread added: 0x000001fa7cb80240
Event: 0.311 Thread 0x000001fa7cb80240 Thread exited: 0x000001fa7cb80240


Dynamic libraries:
0x00007ff72a2c0000 - 0x00007ff72a2ce000 	C:\Users\User\.jdks\ms-21.0.10\bin\java.exe
0x00007ffaf4170000 - 0x00007ffaf4368000 	C:\Windows\SYSTEM32\ntdll.dll
0x00007ffaf2cf0000 - 0x00007ffaf2db2000 	C:\Windows\System32\KERNEL32.DLL
0x00007ffaf1a80000 - 0x00007ffaf1d76000 	C:\Windows\System32\KERNELBASE.dll
0x00007ffaf18a0000 - 0x00007ffaf19a0000 	C:\Windows\System32\ucrtbase.dll
0x00007ffaea310000 - 0x00007ffaea328000 	C:\Users\User\.jdks\ms-21.0.10\bin\jli.dll
0x00007ffae9090000 - 0x00007ffae90ae000 	C:\Users\User\.jdks\ms-21.0.10\bin\VCRUNTIME140.dll
0x00007ffaf3da0000 - 0x00007ffaf3f41000 	C:\Windows\System32\USER32.dll
0x00007ffaf1d80000 - 0x00007ffaf1da2000 	C:\Windows\System32\win32u.dll
0x00007ffadc4a0000 - 0x00007ffadc73b000 	C:\Windows\WinSxS\amd64_microsoft.windows.common-controls_6595b64144ccf1df_6.0.19041.6456_none_60b8a6cb71f64256\COMCTL32.dll
0x00007ffaf2490000 - 0x00007ffaf24bb000 	C:\Windows\System32\GDI32.dll
0x00007ffaf22d0000 - 0x00007ffaf236e000 	C:\Windows\System32\msvcrt.dll
0x00007ffaf1fa0000 - 0x00007ffaf20b9000 	C:\Windows\System32\gdi32full.dll
0x00007ffaf1800000 - 0x00007ffaf189d000 	C:\Windows\System32\msvcp_win.dll
0x00007ffaf4100000 - 0x00007ffaf412f000 	C:\Windows\System32\IMM32.DLL
0x00007ffaea300000 - 0x00007ffaea30c000 	C:\Users\User\.jdks\ms-21.0.10\bin\vcruntime140_1.dll
0x00007ffae7ca0000 - 0x00007ffae7d29000 	C:\Users\User\.jdks\ms-21.0.10\bin\msvcp140.dll
0x00007ffa71d70000 - 0x00007ffa72b1d000 	C:\Users\User\.jdks\ms-21.0.10\bin\server\jvm.dll
0x00007ffaf2c30000 - 0x00007ffaf2ce1000 	C:\Windows\System32\ADVAPI32.dll
0x00007ffaf3150000 - 0x00007ffaf31ef000 	C:\Windows\System32\sechost.dll
0x00007ffaf2370000 - 0x00007ffaf2490000 	C:\Windows\System32\RPCRT4.dll
0x00007ffaf1a50000 - 0x00007ffaf1a77000 	C:\Windows\System32\bcrypt.dll
0x00007ffaf4030000 - 0x00007ffaf409b000 	C:\Windows\System32\WS2_32.dll
0x00007ffae8440000 - 0x00007ffae844a000 	C:\Windows\SYSTEM32\VERSION.dll
0x00007ffad7030000 - 0x00007ffad7057000 	C:\Windows\SYSTEM32\WINMM.dll
0x00007ffaf1660000 - 0x00007ffaf16ab000 	C:\Windows\SYSTEM32\POWRPROF.dll
0x00007ffaf1640000 - 0x00007ffaf1652000 	C:\Windows\SYSTEM32\UMPDC.dll
0x00007ffaeffb0000 - 0x00007ffaeffc2000 	C:\Windows\SYSTEM32\kernel.appcore.dll
0x00007ffae9080000 - 0x00007ffae908a000 	C:\Users\User\.jdks\ms-21.0.10\bin\jimage.dll
0x00007ffaeb4d0000 - 0x00007ffaeb6d1000 	C:\Windows\SYSTEM32\DBGHELP.DLL
0x00007ffaccb30000 - 0x00007ffaccb64000 	C:\Windows\SYSTEM32\dbgcore.DLL
0x00007ffaf1f10000 - 0x00007ffaf1f92000 	C:\Windows\System32\bcryptPrimitives.dll
0x00007ffae8f10000 - 0x00007ffae8f31000 	C:\Users\User\.jdks\ms-21.0.10\bin\java.dll
0x00007ffaf24c0000 - 0x00007ffaf2c30000 	C:\Windows\System32\SHELL32.dll
0x00007ffaef1c0000 - 0x00007ffaef965000 	C:\Windows\SYSTEM32\windows.storage.dll
0x00007ffaf31f0000 - 0x00007ffaf3544000 	C:\Windows\System32\combase.dll
0x00007ffaf1070000 - 0x00007ffaf109b000 	C:\Windows\SYSTEM32\Wldp.dll
0x00007ffaf3c40000 - 0x00007ffaf3d0d000 	C:\Windows\System32\OLEAUT32.dll
0x00007ffaf3680000 - 0x00007ffaf372d000 	C:\Windows\System32\SHCORE.dll
0x00007ffaf40a0000 - 0x00007ffaf40fb000 	C:\Windows\System32\shlwapi.dll
0x00007ffaf1730000 - 0x00007ffaf1754000 	C:\Windows\SYSTEM32\profapi.dll
0x00007ffac7d40000 - 0x00007ffac7e16000 	C:\Users\User\.jdks\ms-21.0.10\bin\jsvml.dll
0x00007ffae8bd0000 - 0x00007ffae8be1000 	C:\Users\User\.jdks\ms-21.0.10\bin\net.dll
0x00007ffae67d0000 - 0x00007ffae68da000 	C:\Windows\SYSTEM32\WINHTTP.dll
0x00007ffaf0e50000 - 0x00007ffaf0eba000 	C:\Windows\system32\mswsock.dll
0x00007ffae7ab0000 - 0x00007ffae7ac6000 	C:\Users\User\.jdks\ms-21.0.10\bin\nio.dll
0x00007ffae4290000 - 0x00007ffae42a8000 	C:\Users\User\.jdks\ms-21.0.10\bin\zip.dll
0x00007ffadbeb0000 - 0x00007ffadbed4000 	C:\Program Files\JetBrains\IntelliJ IDEA 2025.3.2\plugins\maven\lib\maven3\lib\jansi-native\Windows\x86_64\jansi.dll
0x00007ffae8d10000 - 0x00007ffae8d20000 	C:\Users\User\.jdks\ms-21.0.10\bin\verify.dll

JVMTI agents: none

dbghelp: loaded successfully - version: 4.0.5 - missing functions: none
symbol engine: initialized successfully - sym options: 0x614 - pdb path: .;C:\Users\User\.jdks\ms-21.0.10\bin;C:\Windows\SYSTEM32;C:\Windows\WinSxS\amd64_microsoft.windows.common-controls_6595b64144ccf1df_6.0.19041.6456_none_60b8a6cb71f64256;C:\Users\User\.jdks\ms-21.0.10\bin\server;C:\Program Files\JetBrains\IntelliJ IDEA 2025.3.2\plugins\maven\lib\maven3\lib\jansi-native\Windows\x86_64

VM Arguments:
jvm_args: -Dfile.encoding=UTF-8 --enable-native-access=ALL-UNNAMED -Dclassworlds.conf=C:\Program Files\JetBrains\IntelliJ IDEA 2025.3.2\plugins\maven\lib\maven3\bin\m2.conf -Dmaven.home=C:\Program Files\JetBrains\IntelliJ IDEA 2025.3.2\plugins\maven\lib\maven3 -Dlibrary.jansi.path=C:\Program Files\JetBrains\IntelliJ IDEA 2025.3.2\plugins\maven\lib\maven3\lib\jansi-native -Dmaven.multiModuleProjectDirectory=C:\Users\User\Documents\NetBeansProjects 
java_command: org.codehaus.plexus.classworlds.launcher.Launcher -Didea.version=2025.3.3 -Dmaven.ext.class.path=C:\Program Files\JetBrains\IntelliJ IDEA 2025.3.2\plugins\maven\lib\maven-event-listener.jar -Djansi.passthrough=true -Dstyle.color=always -Dmaven.repo.local=C:\Users\User\.m2\repository org.openjfx:javafx-maven-plugin:0.0.8:run -f pom.xml
java_class_path (initial): C:\Program Files\JetBrains\IntelliJ IDEA 2025.3.2\plugins\maven\lib\maven3\boot\plexus-classworlds-2.9.0.jar
Launcher Type: SUN_STANDARD

[Global flags]
     intx CICompilerCount                          = 3                                         {product} {ergonomic}
     uint ConcGCThreads                            = 1                                         {product} {ergonomic}
     uint G1ConcRefinementThreads                  = 4                                         {product} {ergonomic}
   size_t G1HeapRegionSize                         = 1048576                                   {product} {ergonomic}
    uintx GCDrainStackTargetSize                   = 64                                        {product} {ergonomic}
   size_t InitialHeapSize                          = 134217728                                 {product} {ergonomic}
   size_t MarkStackSize                            = 4194304                                   {product} {ergonomic}
   size_t MaxHeapSize                              = 2116026368                                {product} {ergonomic}
   size_t MaxNewSize                               = 1268776960                                {product} {ergonomic}
   size_t MinHeapDeltaBytes                        = 1048576                                   {product} {ergonomic}
   size_t MinHeapSize                              = 8388608                                   {product} {ergonomic}
    uintx NonNMethodCodeHeapSize                   = 5832780                                {pd product} {ergonomic}
    uintx NonProfiledCodeHeapSize                  = 122912730                              {pd product} {ergonomic}
    uintx ProfiledCodeHeapSize                     = 122912730                              {pd product} {ergonomic}
    uintx ReservedCodeCacheSize                    = 251658240                              {pd product} {ergonomic}
     bool SegmentedCodeCache                       = true                                      {product} {ergonomic}
   size_t SoftMaxHeapSize                          = 2116026368                             {manageable} {ergonomic}
     bool UseCompressedOops                        = true                           {product lp64_product} {ergonomic}
     bool UseG1GC                                  = true                                      {product} {ergonomic}
     bool UseLargePagesIndividualAllocation        = false                                  {pd product} {ergonomic}

Logging:
Log output configuration:
 #0: stdout all=warning uptime,level,tags foldmultilines=false
 #1: stderr all=off uptime,level,tags foldmultilines=false

Release file:
IMPLEMENTOR="Microsoft" 
IMPLEMENTOR_VERSION="Microsoft-13106404" 
JAVA_RUNTIME_VERSION="21.0.10+7-LTS" 
JAVA_VERSION="21.0.10" 
JAVA_VERSION_DATE="2026-01-20" 
LIBC="default" 
MODULES="java.base java.compiler java.datatransfer java.xml java.prefs java.desktop java.instrument java.logging java.management java.security.sasl java.naming java.rmi java.management.rmi java.net.http java.scripting java.security.jgss java.transaction.xa java.sql java.sql.rowset java.xml.crypto java.se java.smartcardio jdk.accessibility jdk.internal.jvmstat jdk.attach jdk.charsets jdk.internal.opt jdk.zipfs jdk.compiler jdk.crypto.ec jdk.crypto.cryptoki jdk.crypto.mscapi jdk.dynalink jdk.internal.ed jdk.editpad jdk.hotspot.agent jdk.httpserver jdk.incubator.vector jdk.internal.le jdk.internal.vm.ci jdk.internal.vm.compiler jdk.internal.vm.compiler.management jdk.jartool jdk.javadoc jdk.jcmd jdk.management jdk.management.agent jdk.jconsole jdk.jdeps jdk.jdwp.agent jdk.jdi jdk.jfr jdk.jlink jdk.jpackage jdk.jshell jdk.jsobject jdk.jstatd jdk.localedata jdk.management.jfr jdk.naming.dns jdk.naming.rmi jdk.net jdk.nio.mapmode jdk.random jdk.sctp jdk.security.auth jdk.security.jgss jdk.unsupported jdk.unsupported.desktop jdk.xml.dom" 
OS_ARCH="x86_64" 
OS_NAME="Windows" 
SOURCE=".:git:e69b6ef7382e" 

Environment Variables:
JAVA_HOME=C:\Users\User\.jdks\ms-21.0.10
JAVA_TOOL_OPTIONS=-Dfile.encoding=UTF-8
PATH=C:\Program Files\Common Files\Oracle\Java\javapath;C:\Program Files (x86)\Common Files\Oracle\Java\java8path;C:\Program Files (x86)\Common Files\Oracle\Java\javapath;C:\Windows\system32;C:\Windows;C:\Windows\System32\Wbem;C:\Windows\System32\WindowsPowerShell\v1.0\;C:\Windows\System32\OpenSSH\;C:\Program Files\MiKTeX 2.9\miktex\bin\x64\;C:\MinGW\bin;C:\Program Files\nodejs\;C:\ProgramData\chocolatey\bin;C:\composer;C:\xampp\php;C:\Program Files\Git\cmd;C:\Program Files\Docker\Docker\resources\bin;C:\Program Files\Common Files\Oracle\Java\javapath;C:\Program Files (x86)\Common Files\Oracle\Java\java8path;C:\Program Files (x86)\Common Files\Oracle\Java\javapath;C:\Windows\system32;C:\Windows;C:\Windows\System32\Wbem;C:\Windows\System32\WindowsPowerShell\v1.0\;C:\Windows\System32\OpenSSH\;C:\Program Files\MiKTeX 2.9\miktex\bin\x64\;C:\MinGW\bin;C:\Program Files\nodejs\;C:\ProgramData\chocolatey\bin;C:\composer;C:\xampp\php;C:\Program Files\Git\cmd;C:\Program Files\Java\jdk1.8.0_471\bin;C:\Users\User\AppData\Local\Programs\Microsoft VS Code\bin;C:\Program Files\JetBrains\IntelliJ IDEA 2025.3.2\bin;C:\Users\User\AppData\Roaming\npm;
USERNAME=User
OS=Windows_NT
PROCESSOR_IDENTIFIER=Intel64 Family 6 Model 142 Stepping 9, GenuineIntel
TMP=C:\Users\User\AppData\Local\Temp
TEMP=C:\Users\User\AppData\Local\Temp




Periodic native trim disabled

---------------  S Y S T E M  ---------------

OS:
 Windows 10 , 64 bit Build 19041 (10.0.19041.5915)
OS uptime: 1 days 1:59 hours
Hyper-V role detected

CPU: total 4 (initial active 4) (2 cores per cpu, 2 threads per core) family 6 model 142 stepping 9 microcode 0xf4, cx8, cmov, fxsr, ht, mmx, 3dnowpref, sse, sse2, sse3, ssse3, sse4.1, sse4.2, popcnt, lzcnt, tsc, tscinvbit, avx, avx2, aes, erms, clmul, bmi1, bmi2, rtm, adx, fma, vzeroupper, clflush, clflushopt, hv, rdtscp, f16c
Processor Information for processor 0
  Max Mhz: 2712, Current Mhz: 2611, Mhz Limit: 2603
Processor Information for processor 1
  Max Mhz: 2712, Current Mhz: 2611, Mhz Limit: 2603
Processor Information for processor 2
  Max Mhz: 2712, Current Mhz: 1406, Mhz Limit: 2603
Processor Information for processor 3
  Max Mhz: 2712, Current Mhz: 1406, Mhz Limit: 2603

Memory: 4k page, system-wide physical 8067M (593M free)
TotalPageFile size 12067M (AvailPageFile size 12M)
current process WorkingSet (physical memory assigned to process): 80M, peak: 80M
current process commit charge ("private bytes"): 223M, peak: 223M

vm_info: OpenJDK 64-Bit Server VM (21.0.10+7-LTS) for windows-amd64 JRE (21.0.10+7-LTS), built on 2026-01-15T18:39:42Z by "MicrosoftCorporation" with MS VC++ 17.14 (VS2022)

END.
